[debug] [2023-09-21T03:08:18.799Z] ----------------------------------------------------------------------
[debug] [2023-09-21T03:08:18.800Z] Command:       /Users/digitalchief/.nvm/versions/node/v18.16.0/bin/node /Users/digitalchief/.nvm/versions/node/v18.16.0/bin/firebase deploy
[debug] [2023-09-21T03:08:18.801Z] CLI Version:   12.5.4
[debug] [2023-09-21T03:08:18.801Z] Platform:      darwin
[debug] [2023-09-21T03:08:18.801Z] Node Version:  v18.16.0
[debug] [2023-09-21T03:08:18.802Z] Time:          Wed Sep 20 2023 20:08:18 GMT-0700 (Pacific Daylight Time)
[debug] [2023-09-21T03:08:18.802Z] ----------------------------------------------------------------------
[debug] 
[debug] [2023-09-21T03:08:18.840Z] > command requires scopes: ["email","openid","https://www.googleapis.com/auth/cloudplatformprojects.readonly","https://www.googleapis.com/auth/firebase","https://www.googleapis.com/auth/cloud-platform"]
[debug] [2023-09-21T03:08:18.840Z] > authorizing via signed-in user (me@dylanhnguyen.com)
[debug] [2023-09-21T03:08:18.840Z] [iam] checking project portfolio-digitalchief for permissions ["firebase.projects.get","firebasedatabase.instances.update"]
[debug] [2023-09-21T03:08:18.841Z] > refreshing access token with scopes: []
[debug] [2023-09-21T03:08:18.842Z] >>> [apiv2][query] POST https://www.googleapis.com/oauth2/v3/token [none]
[debug] [2023-09-21T03:08:18.842Z] >>> [apiv2][body] POST https://www.googleapis.com/oauth2/v3/token [omitted]
[debug] [2023-09-21T03:08:19.035Z] <<< [apiv2][status] POST https://www.googleapis.com/oauth2/v3/token 200
[debug] [2023-09-21T03:08:19.035Z] <<< [apiv2][body] POST https://www.googleapis.com/oauth2/v3/token [omitted]
[debug] [2023-09-21T03:08:19.058Z] >>> [apiv2][query] POST https://cloudresourcemanager.googleapis.com/v1/projects/portfolio-digitalchief:testIamPermissions [none]
[debug] [2023-09-21T03:08:19.058Z] >>> [apiv2][(partial)header] POST https://cloudresourcemanager.googleapis.com/v1/projects/portfolio-digitalchief:testIamPermissions x-goog-quota-user=projects/portfolio-digitalchief
[debug] [2023-09-21T03:08:19.058Z] >>> [apiv2][body] POST https://cloudresourcemanager.googleapis.com/v1/projects/portfolio-digitalchief:testIamPermissions {"permissions":["firebase.projects.get","firebasedatabase.instances.update"]}
[debug] [2023-09-21T03:08:19.369Z] <<< [apiv2][status] POST https://cloudresourcemanager.googleapis.com/v1/projects/portfolio-digitalchief:testIamPermissions 200
[debug] [2023-09-21T03:08:19.369Z] <<< [apiv2][body] POST https://cloudresourcemanager.googleapis.com/v1/projects/portfolio-digitalchief:testIamPermissions {"permissions":["firebase.projects.get","firebasedatabase.instances.update"]}
[debug] [2023-09-21T03:08:19.370Z] >>> [apiv2][query] GET https://firebase.googleapis.com/v1beta1/projects/portfolio-digitalchief [none]
[debug] [2023-09-21T03:08:19.611Z] <<< [apiv2][status] GET https://firebase.googleapis.com/v1beta1/projects/portfolio-digitalchief 200
[debug] [2023-09-21T03:08:19.611Z] <<< [apiv2][body] GET https://firebase.googleapis.com/v1beta1/projects/portfolio-digitalchief {"projectId":"portfolio-digitalchief","projectNumber":"177395748079","displayName":"Personal Portfolio v6 - nextjs","name":"projects/portfolio-digitalchief","resources":{"hostingSite":"portfolio-digitalchief","realtimeDatabaseInstance":"portfolio-digitalchief-default-rtdb","storageBucket":"portfolio-digitalchief.appspot.com","locationId":"us-central"},"state":"ACTIVE","etag":"1_86603ec2-08fe-45aa-bded-763b64f7c84d"}
[info] 
[info] === Deploying to 'portfolio-digitalchief'...
[info] 
[info] i  deploying database 
[info] i  database: checking rules syntax... 
[debug] [2023-09-21T03:08:19.614Z] >>> [apiv2][query] GET https://firebasedatabase.googleapis.com/v1beta/projects/portfolio-digitalchief/locations/-/instances/portfolio-digitalchief-default-rtdb [none]
[debug] [2023-09-21T03:08:20.156Z] <<< [apiv2][status] GET https://firebasedatabase.googleapis.com/v1beta/projects/portfolio-digitalchief/locations/-/instances/portfolio-digitalchief-default-rtdb 200
[debug] [2023-09-21T03:08:20.156Z] <<< [apiv2][body] GET https://firebasedatabase.googleapis.com/v1beta/projects/portfolio-digitalchief/locations/-/instances/portfolio-digitalchief-default-rtdb {"name":"projects/177395748079/locations/us-central1/instances/portfolio-digitalchief-default-rtdb","project":"projects/177395748079","databaseUrl":"https://portfolio-digitalchief-default-rtdb.firebaseio.com","type":"DEFAULT_DATABASE","state":"ACTIVE"}
[debug] [2023-09-21T03:08:20.157Z] >>> [apiv2][query] PUT https://portfolio-digitalchief-default-rtdb.firebaseio.com/.settings/rules.json dryRun=true
[debug] [2023-09-21T03:08:20.157Z] >>> [apiv2][body] PUT https://portfolio-digitalchief-default-rtdb.firebaseio.com/.settings/rules.json "{\n  \"rules\": {\n    \".read\": true,\n    \".write\": true\n  }\n}"
[debug] [2023-09-21T03:08:20.440Z] <<< [apiv2][status] PUT https://portfolio-digitalchief-default-rtdb.firebaseio.com/.settings/rules.json 200
[debug] [2023-09-21T03:08:20.440Z] <<< [apiv2][body] PUT https://portfolio-digitalchief-default-rtdb.firebaseio.com/.settings/rules.json {"status":"ok"}
[info] ✔  database: rules syntax for database portfolio-digitalchief-default-rtdb is valid 
[info] i  database: releasing rules... 
[debug] [2023-09-21T03:08:20.440Z] >>> [apiv2][query] GET https://firebasedatabase.googleapis.com/v1beta/projects/portfolio-digitalchief/locations/-/instances/portfolio-digitalchief-default-rtdb [none]
[debug] [2023-09-21T03:08:20.864Z] <<< [apiv2][status] GET https://firebasedatabase.googleapis.com/v1beta/projects/portfolio-digitalchief/locations/-/instances/portfolio-digitalchief-default-rtdb 200
[debug] [2023-09-21T03:08:20.864Z] <<< [apiv2][body] GET https://firebasedatabase.googleapis.com/v1beta/projects/portfolio-digitalchief/locations/-/instances/portfolio-digitalchief-default-rtdb {"name":"projects/177395748079/locations/us-central1/instances/portfolio-digitalchief-default-rtdb","project":"projects/177395748079","databaseUrl":"https://portfolio-digitalchief-default-rtdb.firebaseio.com","type":"DEFAULT_DATABASE","state":"ACTIVE"}
[debug] [2023-09-21T03:08:20.864Z] >>> [apiv2][query] PUT https://portfolio-digitalchief-default-rtdb.firebaseio.com/.settings/rules.json 
[debug] [2023-09-21T03:08:20.864Z] >>> [apiv2][body] PUT https://portfolio-digitalchief-default-rtdb.firebaseio.com/.settings/rules.json "{\n  \"rules\": {\n    \".read\": true,\n    \".write\": true\n  }\n}"
